[    0.000000] Initializing cgroup subsys cpust
[    0.000000] Initializing cgroup subsys cpu
[    0.000000] Initializing cgroup subsys cpuacct
[    0.000000] Linux version 4.4.0-171-generic (buildd@lcy01-amd64-018) (gcc version 5.4.0 20160609 (Ubuntu 5.4.0-6ubuntu1~16.04.12) ) #200-Ubuntu SMP Tue Dec 3 11:04:55 UTC 2019 (Ubuntu 4.4.0-171.200-generic 4.4.203)
[    0.000000] Command line: BOOT_IMAGE=/boot/vmlinuz-4.4.0-171-generic root=LABEL=cloudimg-rootfs ro console=tty1 console=ttyS0
[    0.000000] KERNEL supported cpus:
[    0.000000]   Intel GenuineIntel
[    0.000000]   AMD AuthenticAMD
[    0.000000]   Centaur CentaurHauls
[    0.000000] x86/fpu: xstate_offset[2]:  576, xstate_sizes[2]:  256
[    0.000000] x86/fpu: Supporting XSAVE feature 0x01: 'x87 floating point registers'
[    0.000000] x86/fpu: Supporting XSAVE feature 0x02: 'SSE registers'
[    0.000000] x86/fpu: Supporting XSAVE feature 0x04: 'AVX registers'
[    0.000000] x86/fpu: Enabled xstate features 0x7, context size is 832 bytes, using 'standard' format.
[    0.000000] e820: BIOS-provided physical RAM map:
[    0.000000] BIOS-e820: [mem 0x0000000000000000-0x000000000009fbff] usable
[    0.000000] BIOS-e820: [mem 0x000000000009fc00-0x000000000009ffff] reserved
[    0.000000] BIOS-e820: [mem 0x00000000000f0000-0x00000000000fffff] reserved
[    0.000000] BIOS-e820: [mem 0x0000000000100000-0x000000001ffeffff] usable
[    0.000000] BIOS-e820: [mem 0x000000001fff0000-0x000000001fffffff] ACPI data
[    0.000000] BIOS-e820: [mem 0x00000000fec00000-0x00000000fec00fff] reserved
[    0.000000] BIOS-e820: [mem 0x00000000fee00000-0x00000000fee00fff] reserved
[    0.000000] BIOS-e820: [mem 0x00000000fffc0000-0x00000000ffffffff] reserved
[    0.000000] NX (Execute Disable) protection: active
[    0.000000] SMBIOS 2.5 present.
[    0.000000] Hypervisor detected: KVM
[    0.000000] e820: last_pfn = 0x1fff0 max_arch_pfn = 0x400000000
[    0.000000] MTRR: Disabled
[    0.000000] x86/PAT: MTRRs disabled, skipping PAT initialization too.
[    0.000000] CPU MTRRs all blank - virtualized system.
[    0.000000] x86/PAT: Configuration [0-7]: WB  WT  UC- UC  WB  WT  UC- UC  
[    0.000000] found SMP MP-table at [mem 0x0009fff0-0x0009ffff] mapped at [ffff88000009fff0]
[    0.000000] Scanning 1 areas for low memory corruption
[    0.000000] RAMDISK: [mem 0x1e95a000-0x1f7e0fff]
[    0.000000] ACPI: Early table checksum verification disabled
[    0.000000] ACPI: RSDP 0x00000000000E0000 000024 (v02 VBOX  )
[    0.000000] ACPI: XSDT 0x000000001FFF0030 00003C (v01 VBOX   VBOXXSDT 00000001 ASL  00000061)
[    0.000000] ACPI: FACP 0x000000001FFF00F0 0000F4 (v04 VBOX   VBOXFACP 00000001 ASL  00000061)
[    0.000000] ACPI: DSDT 0x000000001FFF0470 0021FF (v02 VBOX   VBOXBIOS 00000002 INTL 20180105)
[    0.000000] ACPI: FACS 0x000000001FFF0200 000040
[    0.000000] ACPI: FACS 0x000000001FFF0200 000040
[    0.000000] ACPI: APIC 0x000000001FFF0240 00005C (v02 VBOX   VBOXAPIC 00000001 ASL  00000061)
[    0.000000] ACPI: SSDT 0x000000001FFF02A0 0001CC (v01 VBOX   VBOXCPUT 00000002 INTL 20180105)
[    0.000000] No NUMA configuration found
[    0.000000] Faking a node at [mem 0x0000000000000000-0x000000001ffeffff]
[    0.000000] NODE_DATA(0) allocated [mem 0x1ffeb000-0x1ffeffff]
[    0.000000] kvm-clock: Using msrs 4b564d01 and 4b564d00
[    0.000000] kvm-clock: cpu 0, msr 0:1ffe3001, primary cpu clock
[    0.000000] kvm-clock: using sched offset of 3295292697 cycles
[    0.000000] clocksource: kvm-clock: mask: 0xffffffffffffffff max_cycles: 0x1cd42e4dffb, max_idle_ns: 881590591483 ns
[    0.000000] Zone ranges:
[    0.000000]   DMA      [mem 0x0000000000001000-0x0000000000ffffff]
[    0.000000]   DMA32    [mem 0x0000000001000000-0x000000001ffeffff]
[    0.000000]   Normal   empty
[    0.000000]   Device   empty
[    0.000000] Movable zone start for each node
[    0.000000] Early memory node ranges
[    0.000000]   node   0: [mem 0x0000000000001000-0x000000000009efff]
[    0.000000]   node   0: [mem 0x0000000000100000-0x000000001ffeffff]
[    0.000000] Initmem setup node 0 [mem 0x0000000000001000-0x000000001ffeffff]
[    0.000000] ACPI: PM-Timer IO Port: 0x4008
[    0.000000] IOAPIC[0]: apic_id 2, version 32, address 0xfec00000, GSI 0-23
[    0.000000] ACPI: INT_SRC_OVR (bus 0 bus_irq 0 global_irq 2 dfl dfl)
[    0.000000] ACPI: INT_SRC_OVR (bus 0 bus_irq 9 global_irq 9 low level)
[    0.000000] Using ACPI (MADT) for SMP configuration information
[    0.000000] smpboot: Allowing 2 CPUs, 0 hotplug CPUs
[    0.000000] PM: Registered nosave memory: [mem 0x00000000-0x00000fff]
[    0.000000] PM: Registered nosave memory: [mem 0x0009f000-0x0009ffff]
[    0.000000] PM: Registered nosave memory: [mem 0x000a0000-0x000effff]
[    0.000000] PM: Registered nosave memory: [mem 0x000f0000-0x000fffff]
[    0.000000] e820: [mem 0x20000000-0xfebfffff] available for PCI devices
[    0.000000] Booting paravirtualized kernel on KVM
[    0.000000] clocksource: refined-jiffies: mask: 0xffffffff max_cycles: 0xffffffff, max_idle_ns: 7645519600211568 ns
[    0.000000] setup_percpu: NR_CPUS:512 nr_cpumask_bits:512 nr_cpu_ids:2 nr_node_ids:1
[    0.000000] PERCPU: Embedded 33 pages/cpu @ffff88001fc00000 s95448 r8192 d31528 u1048576
[    0.000000] Built 1 zonelists in Node order, mobility grouping on.  Total pages: 128888
[    0.000000] Policy zone: DMA32
[    0.000000] Kernel command line: BOOT_IMAGE=/boot/vmlinuz-4.4.0-171-generic root=LABEL=cloudimg-rootfs ro console=tty1 console=ttyS0
[    0.000000] PID hash table entries: 2048 (order: 2, 16384 bytes)
[    0.000000] Memory: 481600K/523832K available (8626K kernel code, 1336K rwdata, 4032K rodata, 1488K init, 1288K bss, 42232K reserved, 0K cma-reserved)
[    0.000000] SLUB: HWalign=64, Order=0-3, MinObjects=0, CPUs=2, Nodes=1
[    0.000000] Kernel/User page tables isolation: enabled
[    0.000000] Hierarchical RCU implementation.
[    0.000000] 	Build-time adjustment of leaf fanout to 64.
[    0.000000] 	RCU restricting CPUs from NR_CPUS=512 to nr_cpu_ids=2.
[    0.000000] RCU: Adjusting geometry for rcu_fanout_leaf=64, nr_cpu_ids=2
[    0.000000] NR_IRQS:33024 nr_irqs:440 16
[    0.000000] Console: colour VGA+ 80x25
[    0.000000] console [tty1] enabled
[    0.000000] console [ttyS0] enabled
[    0.000000] tsc: Detected 2594.190 MHz processor
[    0.333660] Calibrating delay loop (skipped) preset value.. 5188.38 BogoMIPS (lpj=10376760)
[    0.335403] pid_max: default: 32768 minimum: 301
[    0.336349] ACPI: Core revision 20150930
[    0.338169] ACPI: 2 ACPI AML tables successfully acquired and loaded
[    0.339520] Security Framework initialized
[    0.340377] Yama: becoming mindful.
[    0.341189] AppArmor: AppArmor initialized
[    0.342101] Dentry cache hash table entries: 65536 (order: 7, 524288 bytes)
[    0.343487] Inode-cache hash table entries: 32768 (order: 6, 262144 bytes)
[    0.344814] Mount-cache hash table entries: 1024 (order: 1, 8192 bytes)
[    0.346081] Mountpoint-cache hash table entries: 1024 (order: 1, 8192 bytes)
[    0.347536] Initializing cgroup subsys io
[    0.348428] Initializing cgroup subsys memory
[    0.350316] Initializing cgroup subsys devices
[    0.352326] Initializing cgroup subsys freezer
[    0.353362] Initializing cgroup subsys net_cls
[    0.354274] Initializing cgroup subsys perf_event
[    0.355221] Initializing cgroup subsys net_prio
[    0.356160] Initializing cgroup subsys hugetlb
[    0.357113] Initializing cgroup subsys pids
[    0.358383] mce: CPU supports 0 MCE banks
[    0.359256] Last level iTLB entries: 4KB 512, 2MB 8, 4MB 8
[    0.360315] Last level dTLB entries: 4KB 512, 2MB 32, 4MB 32, 1GB 0
[    0.361519] Spectre V1 : Mitigation: usercopy/swapgs barriers and __user pointer sanitization
[    0.363224] Spectre V2 : Mitigation: Full generic retpoline
[    0.364303] Spectre V2 : Spectre v2 / SpectreRSB mitigation: Filling RSB on context switch
[    0.366003] Speculative Store Bypass: Vulnerable
[    0.367039] MDS: Mitigation: Clear CPU buffers
[    0.370576] Freeing SMP alternatives memory: 36K
[    0.378828] ftrace: allocating 32302 entries in 127 pages
[    0.434315] smpboot: APIC(0) Converting physical 0 to logical package 0
[    0.441950] smpboot: Max logical packages: 1
[    0.443115] x2apic enabled
[    0.443999] Switched APIC routing to physical x2apic.
[    0.446160] ..TIMER: vector=0x30 apic1=0 pin1=2 apic2=-1 pin2=-1
[    0.555409] smpboot: CPU0: Intel(R) Core(TM) i5-3230M CPU @ 2.60GHz (family: 0x6, model: 0x3a, stepping: 0x9)
[    0.565558] Performance Events: unsupported p6 CPU model 58 no PMU driver, software events only.
[    0.578199] KVM setup paravirtual spinlock
[    0.647581] x86: Booting SMP configuration:
[    0.648499] .... node  #0, CPUs:      #1
[    0.649502] kvm-clock: cpu 1, msr 0:1ffe3041, secondary cpu clock
[    0.651055] mce: CPU supports 0 MCE banks
[    0.653812] x86: Booted up 1 node, 2 CPUs
[    0.654877] smpboot: Total of 2 processors activated (10376.76 BogoMIPS)
[    0.657494] devtmpfs: initialized
[    0.659916] evm: security.selinux
[    0.660705] evm: security.SMACK64
[    0.681189] evm: security.SMACK64EXEC
[    0.681983] evm: security.SMACK64TRANSMUTE
[    0.682890] evm: security.SMACK64MMAP
[    0.683682] evm: security.ima
[    0.684372] evm: security.capability
[    0.685376] clocksource: jiffies: mask: 0xffffffff max_cycles: 0xffffffff, max_idle_ns: 7645041785100000 ns
[    0.687329] futex hash table entries: 512 (order: 3, 32768 bytes)
[    0.688641] pinctrl core: initialized pinctrl subsystem
[    0.689795] RTC time: 13:04:38, date: 01/21/20
[    0.690918] NET: Registered protocol family 16
[    0.700770] cpuidle: using governor ladder
[    0.716441] cpuidle: using governor menu
[    0.733043] PCCT header not found.
[    0.734060] ACPI: bus type PCI registered
[    0.735041] acpiphp: ACPI Hot Plug PCI Controller Driver version: 0.5
[    0.736588] PCI: Using configuration type 1 for base access
[    0.750079] ACPI: Added _OSI(Module Device)
[    0.751518] ACPI: Added _OSI(Processor Device)
[    0.752948] ACPI: Added _OSI(3.0 _SCP Extensions)
[    0.754385] ACPI: Added _OSI(Processor Aggregator Device)
[    0.757033] ACPI: Executed 1 blocks of module-level executable AML code
[    0.761654] ACPI: Interpreter enabled
[    0.763568] ACPI: (supports S0 S5)
[    0.764328] ACPI: Using IOAPIC for interrupt routing
[    0.765499] PCI: Using host bridge windows from ACPI; if necessary, use "pci=nocrs" and report a bug
[    0.770994] ACPI: PCI Root Bridge [PCI0] (domain 0000 [bus 00-ff])
[    0.772225] acpi PNP0A03:00: _OSC: OS supports [ASPM ClockPM Segments MSI]
[    0.773537] acpi PNP0A03:00: _OSC: not requesting OS control; OS requires [ExtendedConfig ASPM ClockPM MSI]
[    0.775433] acpi PNP0A03:00: fail to add MMCONFIG information, can't access extended PCI configuration space under this bridge.
[    0.777890] PCI host bridge to bus 0000:00
[    0.778757] pci_bus 0000:00: root bus resource [io  0x0000-0x0cf7 window]
[    0.780013] pci_bus 0000:00: root bus resource [io  0x0d00-0xffff window]
[    0.781284] pci_bus 0000:00: root bus resource [mem 0x000a0000-0x000bffff window]
[    0.782933] pci_bus 0000:00: root bus resource [mem 0x20000000-0xfdffffff window]
[    0.789837] pci_bus 0000:00: root bus resource [bus 00-ff]
[    0.792752] pci 0000:00:01.1: legacy IDE quirk: reg 0x10: [io  0x01f0-0x01f7]
[    0.794088] pci 0000:00:01.1: legacy IDE quirk: reg 0x14: [io  0x03f6]
[    0.795307] pci 0000:00:01.1: legacy IDE quirk: reg 0x18: [io  0x0170-0x0177]
[    0.796631] pci 0000:00:01.1: legacy IDE quirk: reg 0x1c: [io  0x0376]
[    0.822283] pci 0000:00:07.0: quirk: [io  0x4000-0x403f] claimed by PIIX4 ACPI
[    0.834391] pci 0000:00:07.0: quirk: [io  0x4100-0x410f] claimed by PIIX4 SMB
[    0.845036] ACPI: PCI Interrupt Link [LNKA] (IRQs 5 9 10 *11)
[    0.852231] ACPI: PCI Interrupt Link [LNKB] (IRQs 5 9 *10 11)
[    0.860159] ACPI: PCI Interrupt Link [LNKC] (IRQs 5 *9 10 11)
[    0.861775] ACPI: PCI Interrupt Link [LNKD] (IRQs 5 9 10 *11)
[    0.865564] ACPI: Enabled 2 GPEs in block 00 to 07
[    0.868141] vgaarb: setting as boot device: PCI:0000:00:02.0
[    0.869293] vgaarb: device added: PCI:0000:00:02.0,decodes=io+mem,owns=io+mem,locks=none
[    0.870952] vgaarb: loaded
[    0.871606] vgaarb: bridge control possible 0000:00:02.0
[    0.872930] SCSI subsystem initialized
[    0.873910] ACPI: bus type USB registered
[    0.874789] usbcore: registered new interface driver usbfs
[    0.875861] usbcore: registered new interface driver hub
[    0.876953] usbcore: registered new device driver usb
[    0.878181] PCI: Using ACPI for IRQ routing
[    0.879392] NetLabel: Initializing
[    0.880156] NetLabel:  domain hash size = 128
[    0.881072] NetLabel:  protocols = UNLABELED CIPSOv4
[    0.882085] NetLabel:  unlabeled traffic allowed by default
[    0.888731] amd_nb: Cannot enumerate AMD northbridges
[    0.889796] clocksource: Switched to clocksource kvm-clock
[    0.897589] AppArmor: AppArmor Filesystem Enabled
[    0.898716] pnp: PnP ACPI init
[    0.900247] pnp: PnP ACPI: found 3 devices
[    0.911261] clocksource: acpi_pm: mask: 0xffffff max_cycles: 0xffffff, max_idle_ns: 2085701024 ns
[    0.913104] NET: Registered protocol family 2
[    0.914227] TCP established hash table entries: 4096 (order: 3, 32768 bytes)
[    0.915533] TCP bind hash table entries: 4096 (order: 4, 65536 bytes)
[    0.916767] TCP: Hash tables configured (established 4096 bind 4096)
[    0.917985] UDP hash table entries: 256 (order: 1, 8192 bytes)
[    0.919106] UDP-Lite hash table entries: 256 (order: 1, 8192 bytes)
[    0.920322] NET: Registered protocol family 1
[    0.921246] pci 0000:00:00.0: Limiting direct PCI/PCI transfers
[    0.922428] pci 0000:00:01.0: Activating ISAMAanwoaround
[  156446] Unpacking initramfs...

[    1.475725] Freeing initrd memory: 14876K
[    1.529535] RAPL PMU detected, API unit is 2^-32 Joules, 3 fixed counters 10737418240 ms ovfl timer
[    1.531370] hw unit of domain pp0-core 2^-0 Joules
[    1.532337] hw unit of domain package 2^-0 Joules
[    1.533298] hw unit of domain pp1-gpu 2^-0 Joules
[    1.536996] clocksource: tsc: mask: 0xffffffffffffffff max_cycles: 0x2564cbdc08b, max_idle_ns: 440795335973 ns
[    1.539103] platform rtc_cmos: registered platform RTC device (no PNP device found)
[    1.540757] Scanning for low memory corruption every 60 seconds
[    1.542325] audit: initializing netlink subsys (disabled)
[    1.543431] audit: type=2000 audit(1579611883.792:1): initialized
[    1.544924] Initialise system trusted keyring
[    1.546090] HugeTLB registered 2 MB page size, pre-allocated 0 pages
[    1.548686] zbud: loaded
[    1.549742] VFS: Disk quotas dquot_6.6.0
[    1.550674] VFS: Dquot-cache hash table entries: 512 (order 0, 4096 bytes)
[    1.552248] squashfs: version 4.0 (2009/01/31) Phillip Lougher
[    1.553729] fuse init (API version 7.23)
[    1.554761] Key type big_key registered
[    1.555614] Allocating IMA MOK and blacklist keyrings.
[    1.558230] Key type asymmetric registered
[    1.559110] Asymmetric key parser 'x509' registered
[    1.560123] Block layer SCSI generic (bsg) driver version 0.4 loaded (major 249)
[    1.561777] io scheduler noop registered
[    1.562673] io scheduler deadline registered (default)
[    1.563725] io scheduler cfq registered
[    1.564672] pci_hotplug: PCI Hot Plug PCI Core version: 0.5
[    1.565763] pciehp: PCI Express Hot Plug Controller Driver version: 0.4
[    1.567195] ACPI: AC Adapter [AC] (on-line)
[    1.572135] input: Power Button as /devices/LNXSYSTM:00/LNXPWRBN:00/input/input0
[    1.573697] ACPI: Power Button [PWRF]
[    1.574626] input: Sleep Button as /devices/LNXSYSTM:00/LNXSLPBN:00/input/input1
[    1.576171] ACPI: Sleep Button [SLPF]
[    1.577909] GHES: HEST is not enabled!
[    1.577932] ACPI: Battery Slot [BAT0] (battery present)
[    1.584843] Serial: 8250/16550 driver, 32 ports, IRQ sharing enabled
[    1.609673] 00:02: ttyS0 at I/O 0x3f8 (irq = 4, base_baud = 115200) is a 16550A
[    1.789883] Linux agpgart interface v0.103
[    1.804415] loop: module loaded
[    1.805898] scsi host0: ata_piix
[    1.806844] scsi host1: ata_piix
[    1.807636] ata1: PATA max UDMA/33 cmd 0x1f0 ctl 0x3f6 bmdma 0xd000 irq 14
[    1.808943] ata2: PATA max UDMA/33 cmd 0x170 ctl 0x376 bmdma 0xd008 irq 15
[    1.810455] libphy: Fixed MDIO Bus: probed
[    1.811380] tun: Universal TUN/TAP device driver, 1.6
[    1.814296] tun: (C) 1999-2004 Max Krasnyansky <maxk@qualcomm.com>
[    1.827509] PPP generic driver version 2.4.2
[    1.828551] ehci_hcd: USB 2.0 'Enhanced' Host Controller (EHCI) Driver
[    1.829840] ehci-pci: EHCI PCI platform driver
[    1.830767] ehci-platform: EHCI generic platform driver
[    1.831801] ohci_hcd: USB 1.1 'Open' Host Controller (OHCI) Driver
[    1.832987] ohci-pci: OHCI PCI platform driver
[    1.833918] ohci-platform: OHCI generic platform driver
[    1.834953] uhci_hcd: USB Universal Host Controller Interface driver
[    1.836205] i8042: PNP: PS/2 Controller [PNP0303:PS2K,PNP0f03:PS2M] at 0x60,0x64 irq 1,12
[    1.838344] serio: i8042 KBD port at 0x60,0x64 irq 1
[    1.839351] serio: i8042 AUX port at 0x60,0x64 irq 12
[    1.842740] mousedev: PS/2 mouse device common for all mice
[    1.844165] input: AT Translated Set 2 keyboard as /devices/platform/i8042/serio0/input/input2
[    1.846401] rtc_cmos rtc_cmos: rtc core: registered rtc_cmos as rtc0
[    1.847648] rtc_cmos rtc_cmos: alarms up to one day, 114 bytes nvram
[    1.848859] i2c /dev entries driver
[    1.849691] device-mapper: uevent: version 1.0.3
[    1.850770] device-mapper: ioctl: 4.34.0-ioctl (2015-10-28) initialised: dm-devel@redhat.com
[    1.852477] ledtrig-cpu: registered to indicate activity on CPUs
[    1.854036] NET: Registered protocol family 10
[    1.855178] NET: Registered protocol family 17
[    1.856113] Key type dns_resolver registered
[    1.857715] registered taskstats version 1
[    1.858641] Loading compiled-in X.509 certificates
[    1.860305] Loaded X.509 cert 'Build time autogenerated kernel key: e951a32ceec0422669d36e9913b2c7dea5e0a587'
[    1.862319] zswap: loaded using pool lzo/zbud
[    1.866433] Key type trusted registered
[    1.873296] Key type encrypted registered
[    1.963314] AppArmor: AppArmor sha1 policy hashing enabled
[    1.998629] ima: No TPM chip found, activating TPM-bypass!
[    1.999702] ima: Allocated hash algorithm: sha1
[    2.000649] evm: HMAC attrs: 0x1
[    2.022649]   Magic number: 4:438:79
[    2.094206] rtc_cmos rtc_cmos: setting system clock to 2020-01-21 13:04:40 UTC (1579611880)
[    2.096090] BIOS EDD facility v0.16 2004-Jun-25, 0 devices found
[    2.097253] EDD information not available.
[    2.099452] Freeing unused kernel memory: 1488K
[    2.100385] Write protecting the kernel read-only data: 14336k
[    2.101968] Freeing unused kernel memory: 1604K
[    2.103110] Freeing unused kernel memory: 64K
Loading, please wait...
starting version[    2.123635] random: systemd-udevd: uninitialized urandom read (16 bytes read, 2 bits of entropy available)
 229
[    2.124502] random: udevadm: uninitialized urandom read (16 bytes read, 2 bits of entropy available)
[    2.124533] random: udevadm: uninitialized urandom read (16 bytes read, 2 bits of entropy available)
[    2.140004] random: udevadm: uninitialized urandom read (16 bytes read, 2 bits of entropy available)
[    2.140096] random: udevadm: uninitialized urandom read (16 bytes read, 2 bits of entropy available)
[    2.140385] random: udevadm: uninitialized urandom read (16 bytes read, 2 bits of entropy available)
[    2.140498] random: udevadm: uninitialized urandom read (16 bytes read, 2 bits of entropy available)
[    2.140652] random: udevadm: uninitialized urandom read (16 bytes read, 2 bits of entropy available)
[    2.140727] random: udevadm: uninitialized urandom read (16 bytes read, 2 bits of entropy available)
[    2.140790] random: udevadm: uninitialized urandom read (16 bytes read, 2 bits of entropy available)
[    2.199582] e1000: Intel(R) PRO/1000 Network Driver - version 7.3.21-k8-NAPI
[    2.201373] e1000: Copyright (c) 1999-2006 Intel Corporation.
[    2.212144] Fusion MPT base driver 3.04.20
[    2.213252] Copyright (c) 1999-2008 LSI Corporation
[    2.223290] Fusion MPT SPI Host driver 3.04.20
[    2.230010] AVX version of gcm_enc/dec engaged.
[    2.231341] AES CTR mode by8 optimization enabled
[    2.418132] input: ImExPS/2 Generic Explorer Mouse as /devices/platform/i8042/serio1/input/input4
[    2.573615] e1000 0000:00:03.0 eth0: (PCI:33MHz:32-bit) 02:e4:c4:97:dc:06
[    2.594668] e1000 0000:00:03.0 eth0: Intel(R) PRO/1000 Network Connection
[    3.290833] e1000 0000:00:08.0 eth1: (PCI:33MHz:32-bit) 08:00:27:e6:fc:05
[    3.292480] e1000 0000:00:08.0 eth1: Intel(R) PRO/1000 Network Connection
[    3.296982] e1000 0000:00:03.0 enp0s3: renamed from eth0
[    3.317211] mptbase: ioc0: Initiating bringup
[    3.338559] e1000 0000:00:08.0 enp0s8: renamed from eth1
[    3.394586] ioc0: LSI53C1030 A0: Capabilities={Initiator}
[    3.561552] scsi host2: ioc0: LSI53C1030 A0, FwRev=00000000h, Ports=1, MaxQ=256, IRQ=20
[    3.702591] scsi 2:0:0:0: Direct-Access     VBOX     HARDDISK         1.0  PQ: 0 ANSI: 5
[    3.744477] scsi target2:0:0: Beginning Domain Validation
[    3.747508] scsi target2:0:0: Domain Validation skipping write tests
[    3.758003] scsi target2:0:0: Ending Domain Validation
[    3.844065] scsi target2:0:0: asynchronous
[    3.937723] scsi 2:0:1:0: Direct-Access     VBOX     HARDDISK         1.0  PQ: 0 ANSI: 5
[    3.987613] scsi target2:0:1: Beginning Domain Validation
[    3.990629] scsi target2:0:1: Domain Validation skipping write tests
[    3.991825] scsi target2:0:1: Ending Domain Validation
[    3.992999] scsi target2:0:1: asynchronous
[    4.002319] sd 2:0:0:0: [sda] 20971520 512-byte logical blocks: (10.7 GB/10.0 GiB)
[    4.002741] sd 2:0:0:0: Attached scsi generic sg0 type 0
[    4.005332] sd 2:0:0:0: [sda] Write Protect is off
[    4.006554] sd 2:0:1:0: Attached scsi generic sg1 type 0
[    4.008558] sd 2:0:1:0: [sdb] 20480 512-byte logical blocks: (10.5 MB/10.0 MiB)
[    4.047612] sd 2:0:1:0: [sdb] Write Protect is off
[    4.047618] sd 2:0:0:0: [sda] Incomplete mode parameter data
[    4.047620] sd 2:0:0:0: [sda] Assuming drive cache: write through
[    4.052250] sd 2:0:1:0: [sdb] Incomplete mode parameter data
[    4.052888]  sda: sda1
[    4.054517] sd 2:0:1:0: [sdb] Assuming drive cache: write through
[    4.057475] sd 2:0:0:0: [sda] Attached SCSI disk
[    4.060542] sd 2:0:1:0: [sdb] Attached SCSI disk
Begin: Loading essential drivers ... [    5.418711] md: linear personality registered for level -1
[    5.424390] md: multipath personality registered for level -4
[    5.429849] md: raid0 personality registered for level 0
[    5.439675] md: raid1 personality registered for level 1
[    5.509850] raid6: sse2x1   gen()  8411 MB/s
[    5.581848] raid6: sse2x1   xor()  6717 MB/s
[    5.657849] raid6: sse2x2   gen() 10686 MB/s
[    5.725903] raid6: sse2x2   xor()  6742 MB/s
[    5.793867] raid6: sse2x4   gen()  9990 MB/s
[    5.861850] raid6: sse2x4   xor()  9212 MB/s
[    5.862974] raid6: using algorithm sse2x2 gen() 10686 MB/s
[    5.864253] raid6: .... xor() 6742 MB/s, rmw enabled
[    5.865461] raid6: using ssse3x2 recovery algorithm
[    5.868837] xor: automatically using best checksumming function:
[    5.918321]    avx       : 24343.000 MB/sec
[    5.921259] async_tx: api initialized (async)
[    5.933105] md: raid6 personality registered for level 6
[    5.934570] md: raid5 personality registered for level 5
[    5.935925] md: raid4 personality registered for level 4
[    5.944367] md: raid10 personality registered for level 10
done.
Begin: Running /scripts/init-premount ... done.
Begin: Mounting root file system ... Begin: Running /scripts/local-top ... done.
Begin: Running /scripts/local-premount ... [    5.982008] Btrfs loaded
Scanning for Btrfs filesystems
done.
Warning: fsck not present, so skipping root file system
[    6.040853] EXT4-fs (sda1): mounted filesystem with ordered data mode. Opts: (null)
done.
Begin: Running /scripts/local-bottom ... done.
Begin: Running /scripts/init-bottom ... done.
[    6.193904] systemd[1]: systemd 229 running in system mode. (+PAM +AUDIT +SELINUX +IMA +APPARMOR +SMACK +SYSVINIT +UTMP +LIBCRYPTSETUP +GCRYPT +GNUTLS +ACL +XZ -LZ4 +SECCOMP +BLKID +ELFUTILS +KMOD -IDN)
[    6.205271] systemd[1]: Detected virtualization oracle.
[    6.206606] systemd[1]: Detected architecture x86-64.

Welcome to [1mUbuntu 16.04.6 LTS[0m!

[    6.214364] systemd[1]: Set hostname to <ubuntu>.
[    6.218515] systemd[1]: Initializing machine ID from random generator.
[    6.220206] systemd[1]: Installed transient /etc/machine-id file.
[  61856] systemd[1]: Started Trigger resolvconf update for networkd DNS.
[[0;32m  OK  [0m] Started Trigger resolvconf update for networkd DNS.
[    6.548940] systemd[1]: Listening on Device-mapper event daemon FIFOs.
[[0;32m  OK  [0m] Listening on Device-mapper event daemon FIFOs.
[    6.551982] systemd[1]: Created slice User and Session Slice.
[[0;32m  OK  [0m] Created slice User and Session Slice.
[    6.554578] systemd[1]: Listening on Journal Socket.
[[0;32m  OK  [0m] Listening on Journal Socket.
[    6.702566] systemd[1]: Reached target System Time Synchronized.
[[0;32m  OK  [0m] Reached target System Time Synchronized.
[    7.491463] systemd[1]: Reached target User and Group Name Lookups.
[[0;32m  OK  [0m] Reached target User and Group Name Lookups.
[    7.500082] systemd[1]: Listening on Syslog Socket.
[[0;32m  OK  [0m] Listening on Syslog Socket.
[    7.503120] systemd[1]: Listening on LVM2 metadata daemon socket.
[[0;32m  OK  [0m] Listening on LVM2 metadata daemon socket.
[    7.506245] systemd[1]: Reached target Encrypted Volumes.
[[0;32m  OK  [0m] Reached target Encrypted Volumes.
[    7.509180] systemd[1]: Listening on /dev/initctl Compatibility Named Pipe.
[[0;32m  OK  [0m] Listening on /dev/initctl Compatibility Named Pipe.
[    7.512758] systemd[1]: Listening on udev Control Socket.
[[0;32m  OK  [0m] Listening on udev Control Socket.
[    7.517092] systemd[1]: Listening on LVM2 poll daemon socket.
[[0;32m  OK  [0m] Listening on LVM2 poll daemon socket.
[    7.520134] systemd[1]: Started Forward Password Requests to Wall Directory Watch.
[[0;32m  OK  [0m] Started Forward Password Requests to Wall Directory Watch.
[    7.524277] systemd[1]: Created slice System Slice.
[[0;32m  OK  [0m] Created slice System Slice.
[    7.527238] systemd[1]: Created slice system-serial\x2dgetty.slice.
[[0;32m  OK  [0m] Created slice system-serial\x2dgetty.slice.
[    7.530456] systemd[1]: Reached target Slices.
[[0;32m  OK  [0m] Reached target Slices.
[    7.546362] systemd[1]: Starting Set console keymap...
         Starting Set console keymap...
[    7.558050] systemd[1]: Mounting Debug File System...
         Mounting Debug File System...
[    7.575082] systemd[1]: Starting Nameserver information manager...
         Starting Nameserver information manager...
[    7.578362] systemd[1]: Mounting Huge Pages File System...
         Mounting Huge Pages File System...
[    7.592916] systemd[1]: Starting Load Kernel Modules...
         Starting Load Kernel Modules...
[    7.596145] systemd[1]: Mounting POSIX Message Queue File System...
         Mounting POSIX Message Queue File System...
[    7.599470] systemd[1]: Starting Remount Root and Kernel File Systems...
         Starting Remount Root and Kernel File Systems...[    7.607682] EXT4-fs (sda1): re-mounted. Opts: (null)

[    7.616954] systemd[1]: Starting Uncomplicated firewall...
         Starting Uncomplicated firewall...
[    7.622700] systemd[1]: Listening on udev Kernel Socket.
[    7.624835] Loading iSCSI transport class v2.0-870.
[[0;32m  OK  [0m] Listening on udev Kernel Socket.
[    7.627625] systemd[1]: Listening on Journal Socket (/dev/log).
[[0;32m  OK  [0m] Listening on Journal Socket (/dev/log).
[    7.633664] systemd[1]: Set up automount Arbitrary Executable File Formats File System Automount Point.
[[0;32m  OK  [0m] Set up automount Arbitrary E[    7.639233] iscsi: registered transport (tcp)
xecutab...ats File System Automount Point.
[    7.666149] systemd[1]: Starting Monitoring of LVM2 mirrors, snapshots etc. using dmeventd or progress polling...
         Starting Monitoring of LVM2 mirrors... dmeventd or progress polling...
[    7.682701] systemd[1]: Starting Create list of required static device nodes for the current kernel...
         Starting Create list of required st... [    7.691808] iscsi: registered transport (iser)
nodes for the current kernel...
[    7.730731] systemd[1]: Reached target Swap.
[[0;32m  OK  [0m] Reached target Swap.
[    7.732960] systemd[1]: Listening on Journal Audit Socket.
[[0;32m  OK  [0m] Listening on Journal Audit Socket.
[    7.736487] systemd[1]: Starting Journal Service...
         Starting Journal Service...
[    7.749249] systemd[1]: Mounted Debug File System.
[[0;32m  OK  [0m] Mounted Debug File System.
[    7.759919] systemd[1]: Mounted Huge Pages File System.
[[0;32m  OK  [0m] Mounted Huge Pages File System.
[    7.763476] systemd[1]: Mounted POSIX Message Queue File System.
[[0;32m  OK  [0m] Mounted POSIX Message Queue File System.
[    7.766801] systemd[1]: Started Set console keymap.
[[0;32m  OK  [0m] Started Set console keymap.
[    7.770567] systemd[1]: Started Load Kernel Modules.
[[0;32m  OK  [0m] Started Load Kernel Modules.
[    7.820289] systemd[1]: Started Remount Root and Kernel File Systems.
[[0;32m  OK  [0m] Started Remount Root and Kernel File Systems.
[    7.833254] systemd[1]: Started Uncomplicated firewall.
[[0;32m  OK  [0m] Started Uncomplicated firewall.
[    7.838027] systemd[1]: Started Create list of required static device nodes for the current kernel.
[[0;32m  OK  [0m] Started Create list of required sta...ce nodes for the current kernel.
[    7.858456] systemd[1]: Started Nameserver information manager.
[[0;32m  OK  [0m] Started Nameserver information manager.
[    7.869756] systemd[1]: Started Journal Service.
[[0;32m  OK  [0m] Started Journal Service.
[[0;32m  OK  [0m] Started LVM2 metadata daemon.
         Starting Create Static Device Nodes in /dev...
         Starting Load/Save Random Seed...
         Starting udev Coldplug all Devices...
         Starting Flush Journal to Persistent Storage...
         Mounting FUSE Control File System...
         Starting Apply Kernel Variables...
[[0;32m  OK  [0m] Mounted FUSE Control File System.
[[0;32m  OK  [0m] Started Create Static Device Nodes in /dev.
[[0;32m  OK  [0m] Started Load/Save Random Seed.
[[0;32m  OK  [0m] Started Apply Kernel Variables.
         Starting udev Kernel Device Manager...
[[0;32m  OK  [0m] Started Flush Journal to Persistent Storage.
[[0;32m  OK  [0m] Started udev Coldplug all Devices.
[[0;32m  OK  [0m] Started udev Kernel Device Manager.
[[0;32m  OK  [0m] Started Dispatch Password Requests to Console Directory Watch.
[[0;32m  OK  [0m] Found device /dev/ttyS0.
[[0;32m  OK  [0m] Listening on Load/Save RF Kill Switch Status /dev/rfkill Watch.
[[0;32m  OK  [0m] Started Monitoring of LVM2 mirrors,...ng dmeventd or progress polling.
[[0;32m  OK  [0m] Reached target Local File Systems (Pre).
[[0;32m  OK  [0m] Reached target Local File Systems.
         Starting Initial cloud-init job (pre-networking)...
         Starting Commit a transient machine-id on disk...
         Starting Tell Plymouth To Write Out Runtime Data...
         Starting Set console font and keymap...
         Starting Create Volatile Files and Directories...
         Starting LSB: AppArmor initialization...
[[0;32m  OK  [0m] Started Commit a transient machine-id on disk.
[[0;32m  OK  [0m] Started Tell Plymouth To Write Out Runtime Data.
[[0;32m  OK  [0m] Started Create Volatile Files and Directories.
         Starting Update UTMP about System Boot/Shutdown...
[[0;32m  OK  [0m] Started Update UTMP about System Boot/Shutdown.
[    9.127465] cloud-init[562]: Cloud-init v. 19.3-41-gc4735dd3-0ubuntu1~16.04.1 running 'init-local' at Tue, 21 Jan 2020 13:04:47 +0000. Up 8.50 seconds.
[[0;32m  OK  [0m] Started Initial cloud-init job (pre-networking).
[[0;32m  OK  [0m] Reached target Network (Pre).
[[0;32m  OK  [0m] Started Set console font and keymap.
[[0;32m  OK  [0m] Created slice system-getty.slice.
[[0;32m  OK  [0m] Started LSB: AppArmor initialization.
         Starting Raise network interfaces...
[[0;32m  OK  [0m] Started Raise network interfaces.
         Starting Initial cloud-init job (metadata service crawler)...
[[0;32m  OK  [0m] Reached target Network.
[   11.107913] cloud-init[960]: Cloud-init v. 19.3-41-gc4735dd3-0ubuntu1~16.04.1 running 'init' at Tue, 21 Jan 2020 13:04:48 +0000. Up 10.08 seconds.
[   11.144590] cloud-init[960]: ci-info: ++++++++++++++++++++++++++++++++++++++Net device info+++++++++++++++++++++++++++++++++++++++
[   11.156553] cloud-init[960]: ci-info: +--------+-------+----------------------------+---------------+--------+-------------------+
[[0;32m  OK  [0m] Started Initial cloud-init job (metadata service crawler).
[[0;32m  OK  [0m] Reached target Cloud-config availability.
[   11.179855] cloud-init[960]: ci-info: | Device |   Up  |          Address           |      Mask     | Scope  |     Hw-Address    |
[   11.192172] [[0;32m  OK  [0m] Reached target System Initialization.
cloud-init[960]: ci-info: +--------+-------+----------------------------+---------------+--------+-------------------+
[[0;32m  OK  [0m] Started ACPI Events Check.
[[0;32m  OK  [0m] Reached target Paths.
[[0;32m  OK  [0m] Started Daily Cleanup of Temporary Directories.
[[0;32m  OK  [0m] Listening on D-Bus System Message Bus Socket.
[[0;32m  OK  [0m] Listening on UUID daemon activation socket.
[[0;32m  OK  [0m] Started Message of the Day.
[   11.259440] cloud-init[960]: ci-info: | enp0s3 |  True |         10.0.2.15          | 255.255.255.0 | global | 02:e4:c4:97:dc:06 |
[   11.279240]          Starting LXD - unix socket.
cloud-init[960]: ci-info: | enp0s3 |  True | fe80::e4:c4ff:fe97:dc06/64 |       .       |  link  | 02:e4:c4:97:dc:06 |         Starting Socket activation for snappy daemon.

[[0;32m  OK  [0m] Listening on ACPID Listen Socket.
[[0;32m  OK  [0m] Started Daily apt download activities.
[[0;32m  OK  [0m] Started Daily apt upgrade and clean activities.
[[0;32m  OK  [0m] Reached target Timers.
[[0;32m  OK  [0m] Reached target Network is Online.
[   11.283811] cloud-init[960]: ci-info: | enp0s8 | False |             .              |       .       |   .    | 08:00:27:e6:fc:05 |
[   11.310431]          Starting iSCSI initiator daemon (iscsid)...
[[0;32m  OK  [0m] Listening on LXD - unix socket.
[[0;32m  OK  [0m] Listening on Socket activation for snappy daemon.
[[0;32m  OK  [0m] Reached target Sockets.
[[0;32m  OK  [0m] Reached target Basic System.
[[0;32m  OK  [0m] Started D-Bus System Message Bus.
cloud-init[960]: ci-info: |   lo   |  True |         127.0.0.1          |   255.0.0.0   |  host  |         .         |
[   11.323764] cloud-init[960]: ci-info: |   lo   |  True |          ::1/128           |       .       |  host  |         .         |
[   11.326756] cloud-init[960]: ci-info: +--------+-------+----------------------------+---------------+--------+-------------------+
[   11.340018] cloud-init[960]: ci-info: +++++++++++++++++++++++++++Route IPv4 info++++++++++++++++++++++++++++
[   11.360366] cloud-init[960]: ci-info: +-------+-------------+----------+---------------+-----------+-------+
[   11.373775] [[0;32m  OK  [0m] Started FUSE filesystem for LXC.
cloud-init[960]:          Starting Accounts Service...
ci-info: | Route | Destination | Gateway  |    Genmask    | Interface | Flags |
[[0;32m  OK  [0m] Started Regular background program processing daemon.
[   11.380675]          Starting Login Service...
         Starting LSB: MD monitoring daemon...
[[0;32m  OK  [0m] Started ACPI event daemon.
         Starting System Logging Service...
         Starting /etc/rc.local Compatibility...
         Starting Snappy daemon...
[[0;32m  OK  [0m] Started Deferred execution scheduler.
         Starting Pollinate to seed the pseudo random number generator...
         Starting LSB: Record successful boot for GRUB...
         Starting Virtualbox guest utils...
         Starting LXD - container startup/shutdown...
[[0;32m  OK  [0m] Started /etc/rc.local Compatibility.
cloud-init[960]: ci-info: +-------+-------------+----------+---------------+-----------+-------+
[   11.433163] [[0;32m  OK  [0m] Started iSCSI initiator daemon (iscsid).
cloud-init[960]: ci-info: |   0   |   0.0.0.0   | 10.0.2.2 |    0.0.0.0    |   enp0s3  |   UG  |
[   11.440459]          Starting Login to default iSCSI targets...
cloud-init[960]: ci-info: |   1   |   10.0.2.0  | 0.0.0.0  | 255.255.255.0 |   enp0s3  |   U   |
[   11.451362] cloud-init[960]: ci-info: +-------+-------------+----------+---------------+-----------+-------+
[   11.464794] cloud-init[960]: ci-info: +++++++++++++++++++Route IPv6 info+++++++++++++++++++
[   11.473608] [[0;32m  OK  [0m] Started LSB: MD monitoring daemon.
[[0;32m  OK  [0m] Started System Logging Service.
[[0;32m  OK  [0m] Started Login Service.
cloud-init[[0;32m  OK  [0m] Started Unattended Upgrades Shutdown.
[[0;32m  OK  [0m] Started Login to default iSCSI targets.
[[0;32m  OK  [0m] Reached target Remote File Systems (Pre).
[[0;32m  OK  [0m] Reached target Remote File Systems.
         Starting LSB: Set the CPU Frequency Scaling governor to "ondemand"...
         Starting LSB: automatic crash report generation...
         Starting Permit User Sessions...
         Starting LSB: daemon to balance interrupts for SMP systems...
[960]: ci-info: +-------+-------------+---------+-----------+-------+
[   11.506711] cloud-init[[0;32m  OK  [0m] Started LSB: Record successful boot for GRUB.
[[0;32m  OK  [0m] Started Permit User Sessions.
[960]: ci-info: | Route | Destination | Gateway | Interface | Flags |
[   11.515617] cloud-init[960]: ci-info: +-------+-------------+---------+-----------+-------+
[   11.515733] cloud-init[960]: ci-info: |   0   |  fe80::/64  |    ::   |   enp0s3  |   U   |
         Starting Terminate Plymouth Boot Screen...
[   11.517696] cloud-init[960]: ci-info: |   3   |   ff00::/8  |    ::   |   enp0s3  |   U   |
[   11.581866] cloud-init[960]: ci-info: +-------+-------------+---------+-----------+-------+
[   11.587252]          Starting Hold until boot process finishes up...
cloud-init[960]: Generating public/private rsa key pair.
[   11.597803] [[0;32m  OK  [0m] Started Terminate Plymouth Boot Screen.
[[0;32m  OK  [0m] Started Hold until boot process finishes up.
cloud-init[960]: Your identification has been saved in /etc/ssh/ssh_host_rsa_key.
[   11.604312]          Starting Authenticate and Authorize Users to Run Privileged Tasks...
[[0;32m  OK  [0m] Started Getty on tty1.
[[0;32m  OK  [0m] Started Serial Getty on ttyS0.
[[0;32m  OK  [0m] Reached target Login Prompts.
         Starting Set console scheme...
cloud-init[960]: Your public key has been saved in /etc/ssh/ssh_host_rsa_key.pub.
[   11.632736] [[0;32m  OK  [0m] Started LSB: Set the CPU Frequency Scaling governor to "ondemand".
[[0;32m  OK  [0m] Started Set console scheme.
cloud-init[960]: The key fingerprint is:
[[0;32m  OK  [0m] Started LXD - container startup/shutdown.
[[0;32m  OK  [0m] Started Virtualbox guest utils.
[   11.656849] cloud-init[960]: SHA256:jOqiRslCR9BoszgSrcGSxYwyvIuPNXPDrNV1MAx3Toc root@ubuntu-xenial
[   11.680402] [[0;32m  OK  [0m] Started LSB: automatic crash report generation.
[[0;32m  OK  [0m] Started LSB: daemon to balance interrupts for SMP systems.
cloud-init[[0;32m  OK  [0m] Started Authenticate and Authorize Users to Run Privileged Tasks.
[960]: The key's randomart image is:[[0;32m  OK  [0m] Started Accounts Service.

[   11.693072] cloud-init[960]: +---[RSA 2048]----+
[   11.715137] cloud-init[960]: |oO=   .o. o..    |
[   11.717276] cloud-init[960]: |O*+o   .++E.     |
[   11.719198] cloud-init[960]: |===      o.      |
[   11.726005] cloud-init[960]: |=+ .   o. .      |
[   11.727989] cloud-init[960]: |=.+o ...S.       |
[   11.736472] cloud-init[960]: |o=+ *..          |
[   11.739670] cloud-init[960]: |o+ *..           |
[   11.746967] cloud-init[960]: |..+.             |
[   11.751059] cloud-init[960]: |o. ..            |
[   11.755282] cloud-init[960]: +----[SHA256]-----+
[   11.760586] cloud-init[960]: Generating public/private dsa key pair.
[   11.762738] cloud-init[960]: Your identification has been saved in /etc/ssh/ssh_host_dsa_key.
[   11.779918] cloud-init[960]: Your public key has been saved in /etc/ssh/ssh_host_dsa_key.pub.
[   11.804649] cloud-init[960]: The key fingerprint is:
[   11.811075] cloud-init[960]: SHA256:m3kPcL0GXy1xyCtoDWOK6Pbl/Jl0Dy5dPAYhlx4FqpY root@ubuntu-xenial
[[0;32m  OK  [0m] Started Snappy daemon.
[   11.829381] cloud-init[960]: The key's randomart image is:
[   11.833182] cloud-init[960]: +---[DSA 1024]----+
[   11.835207] cloud-init         Starting Wait until snapd is fully seeded...
[960]: |            .+.  |
[   11.852677] cloud-init[960]: |          ..=. . |
[   11.857198] cloud-init[960]: |          =+ o+ .|
[   11.866843] cloud-init[960]: |     . . = *o  = |
[   11.884309] cloud-init[960]: |    . . E = +o+ .|
[   11.934099] cloud-init[960]: |   .   . B o +=. |
[   11.965270] cloud-init[960]: |    o   = +.*o . |
[   11.976628] cloud-init[960]: |   . . + o.O.o   |
[   11.993252] cloud-init[960]: |      . o.+.o .  |
[   12.008675] cloud-init[960]: +----[SHA256]-----+
[   12.028677] cloud-init[960]: Generating public/private ecdsa key pair.
[   12.041419] cloud-init[960]: Your identification has been saved in /etc/ssh/ssh_host_ecdsa_key.
[   12.051503] cloud-init[960]: Your public key has been saved in /etc/ssh/ssh_host_ecdsa_key.pub.
[   12.058273] cloud-init[960]: The key fingerprint is:
[   12.063043] cloud-init[960]: SHA256:ciKexMDTUbGKxTA2GDvLPowrVdA7prQUIFtVins67wA root@ubuntu-xenial
[   12.107172] [[0;32m  OK  [0m] Started Pollinate to seed the pseudo random number generator.
cloud-init[960]: The key's randomart image is:
[   12.120486] cloud-init[960]: +---[ECDSA 256]---+
         Starting OpenBSD Secure Shell server...
[   12.130817] cloud-init[960]: |++*ooo+.         |
[   12.165340] [cloud-init[0;32m  OK  [0m[960]: ] |o*oB.o .         |Started OpenBSD Secure Shell server.

[   12.166066] cloud-init[960]: |+ =o=..          |
[   12.177495] cloud-init[960]: |.ooB=.           |
[   12.196445] cloud-init[960]: |E+o=*.o S        |
[   12.202904] cloud-init[960]: |+.+= o +         |
[   12.230894] cloud-init[960]: |.=+ o            |
[   12.249185] cloud-init[960]: |...+             |
[   12.251112] cloud-init[960]: |o  .o            |
[   12.253004] cloud-init[960]: +----[SHA256]-----+
[   12.255732] cloud-init[960]: Generating public/private ed25519 key pair.
[   12.321819] cloud-init[960]: Your identification has been saved in /etc/ssh/ssh_host_ed25519_key.
[   12.327610] cloud-init[960]: Your public key has been saved in /etc/ssh/ssh_host_ed25519_key.pub.
[   12.338967] cloud-init[960]: The key fingerprint is:
[   12.342785] cloud-init[960]: SHA256:tI+01ea+i+5R3Rz+Ivb9V1u0wdzXAkHREwHqzb+K8tQ root@ubuntu-xenial
[   12.351341] cloud-init[960]: The key's randomart image is:
[   12.361707] cloud-init[960]: +--[ED25519 256]--+
[   12.363953] cloud-init[960]: |           .==oo |
[   12.366275] cloud-init[960]: |           .. o  |
[   12.369310] cloud-init[960]: |        . .  .ooo|
[   12.371206] cloud-init[960]: |       . o + .o**|
[   12.373070] cloud-init[960]: |        S o * .+*|
[   12.375068] cloud-init[960]: |       . = = . .+|
[   12.376621] cloud-init[960]: |        o + E o =|
[   12.392394] cloud-init[960]: |        .. * o =.|
[   12.393056] cloud-init[960]: |         =* =+o =|
[[0;32m  OK  [0m] Created slice User Slice of vagrant.
[   12.393361] cloud-init[960]: +----[SHA256]-----+
         Starting User Manager for UID 1000...
[[0;32m  OK  [0m] Started Session 1 of user vagrant.
[[0;32m  OK  [0m] Started User Manager for UID 1000.
[[0;32m  OK  [0m] Started Wait until snapd is fully seeded.
         Starting Apply the settings specified in cloud-config...
[[0;32m  OK  [0m] Reached target Multi-User System.
[[0;32m  OK  [0m] Reached target Graphical Interface.
         Starting Update UTMP about System Runlevel Changes...
[[0;32m  OK  [0m] Started Update UTMP about System Runlevel Changes.
[   13.534834] cloud-init[1387]: Generating locales (this might take a while)...
[   14.512368] cloud-init[1387]:   en_US.UTF-8... done
[   14.532788] cloud-init[1387]: Generation complete.
         Stopping User Manager for UID 1000...
[[0;32m  OK  [0m] Stopped User Manager for UID 1000.
[[0;32m  OK  [0m] Removed slice User Slice of vagrant.
[[0;32m  OK  [0m] Created slice User Slice of vagrant.
[   14.988622] cloud-init[1387]: Cloud-init v. 19.3-41-gc4735dd3-0ubuntu1~16.04.1 running 'modules:config' at Tue, 21 Jan 2020 13:04:52 +0000. Up 13.38 seconds.
         Starting User Manager for UID 1000...
[[0;32m  OK  [0m] Started Session 2 of user vagrant.
[[0;32m  OK  [0m] Started User Manager for UID 1000.
[[0;32m  OK  [0m] Started Apply the settings specified in cloud-config.
         Starting Execute cloud user/final scripts...
ci-info: no authorized ssh keys fingerprints found for user ubuntu.
<14>Jan 21 13:04:54 ec2: 
<14>Jan 21 13:04:54 ec2: #############################################################
<14>Jan 21 13:04:54 ec2: -----BEGIN SSH HOST KEY FINGERPRINTS-----
<14>Jan 21 13:04:54 ec2: 1024 SHA256:m3kPcL0GXy1xyCtoDWOK6Pbl/Jl0Dy5dPAYhlx4FqpY root@ubuntu-xenial (DSA)
<14>Jan 21 13:04:54 ec2: 256 SHA256:ciKexMDTUbGKxTA2GDvLPowrVdA7prQUIFtVins67wA root@ubuntu-xenial (ECDSA)
<14>Jan 21 13:04:54 ec2: 256 SHA256:tI+01ea+i+5R3Rz+Ivb9V1u0wdzXAkHREwHqzb+K8tQ root@ubuntu-xenial (ED25519)
<14>Jan 21 13:04:54 ec2: 2048 SHA256:jOqiRslCR9BoszgSrcGSxYwyvIuPNXPDrNV1MAx3Toc root@ubuntu-xenial (RSA)
<14>Jan 21 13:04:54 ec2: -----END SSH HOST KEY FINGERPRINTS-----
<14>Jan 21 13:04:54 ec2: #############################################################
-----BEGIN SSH HOST KEY KEYS-----
ecdsa-sha2-nistp256 AAAAE2VjZHNhLXNoYTItbmlzdHAyNTYAAAAIbmlzdHAyNTYAAABBBJmJPnUHnQZkw/bTGWbqhMzZQVyf7NSERE0ocdZbGFQJ3u62N2sjY80N0JaJtaDn7wFMh6FplAQkui81OaVUmAs= root@ubuntu-xenial
ssh-ed25519 AAAAC3NzaC1lZDI1NTE5AAAAIA3sQsyog3A9roJck19UKA1mDeZQuD88+GZ79ONzeEBa root@ubuntu-xenial
ssh-rsa AAAAB3NzaC1yc2EAAAADAQABAAABAQCYUc3/4Ma3B4k4pZdp/6jCHja9gnnhWDNEAdcn5QfY8F60HwaHbUc5uqUDivQGl9iSJZHFkCOMXoEINdJKvyCyon0dMT6lonULjwkajn38RX5Bn1gHVT+vr5NGt7No5JeWzxG8QKUNTWz9NYkITp2ZdlPHFlYaLtQpdGdcF4iGrXcfb5kHALFzuJ1/I2MfyA7VEzeYxTR56igF2Ilanee31sXTGzUo1fhe8ynmtSmfbaGFEtJcBFz02C32a7zYJkoDlQmWJ6xQqe3guJHi0T+ytFAJZmfRv/rzi6xLW0Z2lmmLKB4sh7XUmOtDZbVO3ZySaD7oB/9Kev9Pb1erI/51 root@ubuntu-xenial
-----END SSH HOST KEY KEYS-----
[   15.655900] cloud-init[1603]: Cloud-init v. 19.3-41-gc4735dd3-0ubuntu1~16.04.1 running 'modules:final' at Tue, 21 Jan 2020 13:04:54 +0000. Up 15.43 seconds.
[   15.684011] cloud-init[1603]: ci-info: no authorized ssh keys fingerprints found for user ubuntu.
[[0;32m  OK  [0m] Started Execute cloud user/final scripts.
[   15.713639] cloud-init[1603]: Cloud-init v. 19.3-41-gc4735dd3-0ubuntu1~16.04.1 finished at Tue, 21 Jan 2020 13:04:54 +0000. Datasource DataSourceNoCloud [seed=/dev/sdb][dsmode=net].  Up 15.64 seconds
[[0;32m  OK  [0m] Reached target Cloud-init target.

Ubuntu 16.04.6 LTS ubuntu-xenial ttyS0

ubuntu-xenial login: 